<?xml version="1.0" encoding="UTF-8"?>
<testsuites name="jest tests" tests="7" failures="0" errors="0" time="5.732">
  <testsuite name="Agenda" errors="0" failures="0" skipped="0" timestamp="2025-08-26T22:22:29" time="3.403" tests="7">
    <testcase classname="Agenda should be empty initially" name="Agenda should be empty initially" time="0.007">
    </testcase>
    <testcase classname="Agenda should add an item and increase size" name="Agenda should add an item and increase size" time="0.003">
    </testcase>
    <testcase classname="Agenda should maintain priority order with synchronous pop" name="Agenda should maintain priority order with synchronous pop" time="0.002">
    </testcase>
    <testcase classname="Agenda should update attention and re-prioritize" name="Agenda should update attention and re-prioritize" time="0.001">
    </testcase>
    <testcase classname="Agenda should remove an item" name="Agenda should remove an item" time="0.001">
    </testcase>
    <testcase classname="Agenda should handle removing a non-existent item" name="Agenda should handle removing a non-existent item" time="0.001">
    </testcase>
    <testcase classname="Agenda pop_async should block until an item is available" name="Agenda pop_async should block until an item is available" time="0.052">
    </testcase>
  </testsuite>
</testsuites>